[17-Dec-2024 16:39:28 UTC] PHP Warning:  Undefined array key "file" in /var/www/html/includes/grabber.php on line 4
[17-Dec-2024 16:39:28 UTC] PHP Deprecated:  substr(): Passing null to parameter #1 ($string) of type string is deprecated in /var/www/html/includes/grabber.php on line 7
[17-Dec-2024 16:39:28 UTC] PHP Deprecated:  substr(): Passing null to parameter #1 ($string) of type string is deprecated in /var/www/html/includes/grabber.php on line 7
[17-Dec-2024 16:39:28 UTC] PHP Warning:  Undefined array key "type" in /var/www/html/includes/grabber.php on line 19
[17-Dec-2024 16:39:28 UTC] PHP Warning:  Undefined array key "type" in /var/www/html/includes/grabber.php on line 47
[17-Dec-2024 16:39:28 UTC] PHP Deprecated:  substr(): Passing null to parameter #1 ($string) of type string is deprecated in /var/www/html/includes/grabber.php on line 7
[17-Dec-2024 16:41:26 UTC] PHP Warning:  Undefined array key "file" in /var/www/html/includes/grabber.php on line 4
[17-Dec-2024 16:41:26 UTC] PHP Deprecated:  substr(): Passing null to parameter #1 ($string) of type string is deprecated in /var/www/html/includes/grabber.php on line 7
[17-Dec-2024 16:41:26 UTC] PHP Deprecated:  substr(): Passing null to parameter #1 ($string) of type string is deprecated in /var/www/html/includes/grabber.php on line 7
[17-Dec-2024 16:41:26 UTC] PHP Warning:  Undefined array key "type" in /var/www/html/includes/grabber.php on line 19
[17-Dec-2024 16:41:26 UTC] PHP Warning:  Undefined array key "type" in /var/www/html/includes/grabber.php on line 47
[17-Dec-2024 16:41:27 UTC] PHP Deprecated:  substr(): Passing null to parameter #1 ($string) of type string is deprecated in /var/www/html/includes/grabber.php on line 7
[17-Dec-2024 16:41:41 UTC] PHP Warning:  Undefined array key "file" in /var/www/html/includes/grabber.php on line 4
[17-Dec-2024 16:41:41 UTC] PHP Deprecated:  substr(): Passing null to parameter #1 ($string) of type string is deprecated in /var/www/html/includes/grabber.php on line 7
[17-Dec-2024 16:41:41 UTC] PHP Deprecated:  substr(): Passing null to parameter #1 ($string) of type string is deprecated in /var/www/html/includes/grabber.php on line 7
[17-Dec-2024 16:41:41 UTC] PHP Warning:  Undefined array key "type" in /var/www/html/includes/grabber.php on line 19
[17-Dec-2024 16:41:41 UTC] PHP Warning:  Undefined array key "type" in /var/www/html/includes/grabber.php on line 47
[17-Dec-2024 16:41:41 UTC] PHP Deprecated:  substr(): Passing null to parameter #1 ($string) of type string is deprecated in /var/www/html/includes/grabber.php on line 7
[17-Dec-2024 17:01:31 UTC] PHP Warning:  Undefined array key "file" in /var/www/html/includes/grabber.php on line 4
[17-Dec-2024 17:01:31 UTC] PHP Deprecated:  substr(): Passing null to parameter #1 ($string) of type string is deprecated in /var/www/html/includes/grabber.php on line 7
[17-Dec-2024 17:01:31 UTC] PHP Deprecated:  substr(): Passing null to parameter #1 ($string) of type string is deprecated in /var/www/html/includes/grabber.php on line 7
[17-Dec-2024 17:01:31 UTC] PHP Warning:  Undefined array key "type" in /var/www/html/includes/grabber.php on line 19
[17-Dec-2024 17:01:31 UTC] PHP Warning:  Undefined array key "type" in /var/www/html/includes/grabber.php on line 47
[17-Dec-2024 17:01:31 UTC] PHP Deprecated:  substr(): Passing null to parameter #1 ($string) of type string is deprecated in /var/www/html/includes/grabber.php on line 7
[17-Dec-2024 17:02:10 UTC] PHP Warning:  Undefined array key "file" in /var/www/html/includes/grabber.php on line 4
[17-Dec-2024 17:02:10 UTC] PHP Deprecated:  substr(): Passing null to parameter #1 ($string) of type string is deprecated in /var/www/html/includes/grabber.php on line 7
[17-Dec-2024 17:02:10 UTC] PHP Deprecated:  substr(): Passing null to parameter #1 ($string) of type string is deprecated in /var/www/html/includes/grabber.php on line 7
[17-Dec-2024 17:02:10 UTC] PHP Warning:  Undefined array key "type" in /var/www/html/includes/grabber.php on line 19
[17-Dec-2024 17:02:10 UTC] PHP Warning:  Undefined array key "type" in /var/www/html/includes/grabber.php on line 47
[17-Dec-2024 17:02:10 UTC] PHP Deprecated:  substr(): Passing null to parameter #1 ($string) of type string is deprecated in /var/www/html/includes/grabber.php on line 7
[23-Dec-2024 19:09:00 UTC] PHP Warning:  Undefined array key "file" in /var/www/html/includes/grabber.php on line 4
[23-Dec-2024 19:09:00 UTC] PHP Deprecated:  substr(): Passing null to parameter #1 ($string) of type string is deprecated in /var/www/html/includes/grabber.php on line 7
[23-Dec-2024 19:09:00 UTC] PHP Deprecated:  substr(): Passing null to parameter #1 ($string) of type string is deprecated in /var/www/html/includes/grabber.php on line 7
[23-Dec-2024 19:09:00 UTC] PHP Warning:  Undefined array key "type" in /var/www/html/includes/grabber.php on line 19
[23-Dec-2024 19:09:00 UTC] PHP Warning:  Undefined array key "type" in /var/www/html/includes/grabber.php on line 47
[23-Dec-2024 19:09:00 UTC] PHP Deprecated:  substr(): Passing null to parameter #1 ($string) of type string is deprecated in /var/www/html/includes/grabber.php on line 7
[14-Jan-2025 18:31:08 UTC] PHP Warning:  Undefined array key "file" in /var/www/html/includes/grabber.php on line 4
[14-Jan-2025 18:31:08 UTC] PHP Deprecated:  substr(): Passing null to parameter #1 ($string) of type string is deprecated in /var/www/html/includes/grabber.php on line 7
[14-Jan-2025 18:31:08 UTC] PHP Deprecated:  substr(): Passing null to parameter #1 ($string) of type string is deprecated in /var/www/html/includes/grabber.php on line 7
[14-Jan-2025 18:31:08 UTC] PHP Warning:  Undefined array key "type" in /var/www/html/includes/grabber.php on line 19
[14-Jan-2025 18:31:08 UTC] PHP Warning:  Undefined array key "type" in /var/www/html/includes/grabber.php on line 47
[14-Jan-2025 18:31:08 UTC] PHP Deprecated:  substr(): Passing null to parameter #1 ($string) of type string is deprecated in /var/www/html/includes/grabber.php on line 7
[14-Jan-2025 18:31:33 UTC] PHP Warning:  Undefined array key "file" in /var/www/html/includes/grabber.php on line 4
[14-Jan-2025 18:31:33 UTC] PHP Deprecated:  substr(): Passing null to parameter #1 ($string) of type string is deprecated in /var/www/html/includes/grabber.php on line 7
[14-Jan-2025 18:31:33 UTC] PHP Deprecated:  substr(): Passing null to parameter #1 ($string) of type string is deprecated in /var/www/html/includes/grabber.php on line 7
[14-Jan-2025 18:31:33 UTC] PHP Warning:  Undefined array key "type" in /var/www/html/includes/grabber.php on line 19
[14-Jan-2025 18:31:33 UTC] PHP Warning:  Undefined array key "type" in /var/www/html/includes/grabber.php on line 47
[14-Jan-2025 18:31:33 UTC] PHP Deprecated:  substr(): Passing null to parameter #1 ($string) of type string is deprecated in /var/www/html/includes/grabber.php on line 7
[14-Jan-2025 18:31:56 UTC] PHP Warning:  Undefined array key "file" in /var/www/html/includes/grabber.php on line 4
[14-Jan-2025 18:31:56 UTC] PHP Deprecated:  substr(): Passing null to parameter #1 ($string) of type string is deprecated in /var/www/html/includes/grabber.php on line 7
[14-Jan-2025 18:31:56 UTC] PHP Deprecated:  substr(): Passing null to parameter #1 ($string) of type string is deprecated in /var/www/html/includes/grabber.php on line 7
[14-Jan-2025 18:31:56 UTC] PHP Warning:  Undefined array key "type" in /var/www/html/includes/grabber.php on line 19
[14-Jan-2025 18:31:56 UTC] PHP Warning:  Undefined array key "type" in /var/www/html/includes/grabber.php on line 47
[14-Jan-2025 18:31:56 UTC] PHP Deprecated:  substr(): Passing null to parameter #1 ($string) of type string is deprecated in /var/www/html/includes/grabber.php on line 7
[14-Jan-2025 18:32:15 UTC] PHP Warning:  Undefined array key "file" in /var/www/html/includes/grabber.php on line 4
[14-Jan-2025 18:32:15 UTC] PHP Deprecated:  substr(): Passing null to parameter #1 ($string) of type string is deprecated in /var/www/html/includes/grabber.php on line 7
[14-Jan-2025 18:32:15 UTC] PHP Deprecated:  substr(): Passing null to parameter #1 ($string) of type string is deprecated in /var/www/html/includes/grabber.php on line 7
[14-Jan-2025 18:32:15 UTC] PHP Warning:  Undefined array key "type" in /var/www/html/includes/grabber.php on line 19
[14-Jan-2025 18:32:15 UTC] PHP Warning:  Undefined array key "type" in /var/www/html/includes/grabber.php on line 47
[14-Jan-2025 18:32:15 UTC] PHP Deprecated:  substr(): Passing null to parameter #1 ($string) of type string is deprecated in /var/www/html/includes/grabber.php on line 7
[14-Jan-2025 18:36:07 UTC] PHP Warning:  Undefined array key "file" in /var/www/html/includes/grabber.php on line 4
[14-Jan-2025 18:36:07 UTC] PHP Warning:  Undefined array key "type" in /var/www/html/includes/grabber.php on line 20
[14-Jan-2025 18:36:07 UTC] PHP Warning:  Undefined array key "type" in /var/www/html/includes/grabber.php on line 48
[14-Jan-2025 18:36:29 UTC] PHP Warning:  Undefined array key "file" in /var/www/html/includes/grabber.php on line 4
[14-Jan-2025 18:36:29 UTC] PHP Warning:  Undefined array key "type" in /var/www/html/includes/grabber.php on line 20
[14-Jan-2025 18:36:29 UTC] PHP Warning:  Undefined array key "type" in /var/www/html/includes/grabber.php on line 48
[18-Jan-2025 22:18:48 UTC] PHP Warning:  Undefined array key "file" in /var/www/html/includes/grabber.php on line 4
[18-Jan-2025 22:18:48 UTC] PHP Warning:  Undefined array key "type" in /var/www/html/includes/grabber.php on line 20
[18-Jan-2025 22:18:48 UTC] PHP Warning:  Undefined array key "type" in /var/www/html/includes/grabber.php on line 48
[21-Jan-2025 20:45:01 UTC] PHP Warning:  Undefined array key "file" in /var/www/html/includes/grabber.php on line 4
[21-Jan-2025 20:45:01 UTC] PHP Warning:  Undefined array key "type" in /var/www/html/includes/grabber.php on line 20
[21-Jan-2025 20:45:01 UTC] PHP Warning:  Undefined array key "type" in /var/www/html/includes/grabber.php on line 48
[18-Apr-2025 19:26:04 UTC] PHP Warning:  Undefined array key "file" in /var/www/html/includes/grabber.php on line 4
[18-Apr-2025 19:26:04 UTC] PHP Warning:  Undefined array key "type" in /var/www/html/includes/grabber.php on line 20
[18-Apr-2025 19:26:04 UTC] PHP Warning:  Undefined array key "type" in /var/www/html/includes/grabber.php on line 48
